[www.podologialabarca.com.br/index.html]
[backblue.gif]
[fade.gif]
[index.html]
[www.google-analytics.com/analytics.js]
[d11bh4d8fhuq47.cloudfront.net/_system/skins/v10/50000029/js/functions.js]
[www.podologialabarca.com.br/wnd_header.set/index.html]
[d11bh4d8fhuq47.cloudfront.net/_system/skins/v10/50000029/css/style.css]
[d11bh4d8fhuq47.cloudfront.net/_system/skins/v10/50000029/css/print.css]
[d11bh4d8fhuq47.cloudfront.net/img/footer/footerButtonWebnodeHover721e.png]
[d11bh4d8fhuq47.cloudfront.net/_system/client/js/compressed/frontend.package.1-3-77721e.js]
[files.podologialabarca.com.br/200000001-493cc4a361/pie solo.jpg]
[files.podologialabarca.com.br/200000103-c15b7c34f6/50000000721e.jpg]
[pagead2.googlesyndication.com/pagead/f.txt]
[www.podologialabarca.com.br/tags/podologia/index.html]
[www.podologialabarca.com.br/tags/micose/index.html]
[www.podologialabarca.com.br/tags/es/index.html]
[www.podologialabarca.com.br/tags/vitoria/index.html]
[www.podologialabarca.com.br/tags/fungo/index.html]
[www.podologialabarca.com.br/tags/joanetes/index.html]
[www.podologialabarca.com.br/tags/esporão/index.html]
[www.podologialabarca.com.br/tags/verruga plantar/index.html]
[www.podologialabarca.com.br/tags/cravos/index.html]
[www.podologialabarca.com.br/tags/podologo/index.html]
[www.podologialabarca.com.br/tags/pé/index.html]
[www.podologialabarca.com.br/tags/calos/index.html]
[www.podologialabarca.com.br/tags/encravada/index.html]
[www.podologialabarca.com.br/tags/unha/index.html]
[www.podologialabarca.com.br/tags/calo/index.html]
[www.podologialabarca.com.br/news/temos palmilhas localizadas para joanetes,  esporão, verruga plantar(cravos) e outros/index.html]
[www.podologialabarca.com.br/news/site lançado/index.html]
[www.podologialabarca.com.br/tratamentos/index.html]
[www.podologialabarca.com.br/a-clinica/index.html]
[www.podologialabarca.com.br/sobre-nos/index.html]
[www.podologialabarca.com.br/contate-nos/index.html]
[www.podologialabarca.com.br/mensagens/index.html]
[www.podologialabarca.com.br/novidades/index.html]
[www.podologialabarca.com.br/livro-de-visitas/index.html]
[www.podologialabarca.com.br/faq-/index.html]
[www.podologialabarca.com.br/calendario-de-eventos/index.html]
[www.podologialabarca.com.br/galeria-de-fotos/index.html]
[d11bh4d8fhuq47.cloudfront.net/_system/skins/v10/50000029/img/button-search.png]
[www.podologialabarca.com.br/sitemap/index.html]
[www.podologialabarca.com.br/rss/index.html]
[d11bh4d8fhuq47.cloudfront.net/_system/skins/v10/50000029/img/loading.gif]
[d11bh4d8fhuq47.cloudfront.net/_system/skins/v10/50000029/img/button-hover.png]
[d11bh4d8fhuq47.cloudfront.net/_system/skins/v10/50000029/img/button-fulltext-hover.png]
[d11bh4d8fhuq47.cloudfront.net/_system/skins/v10/50000029/img/slideshow-start-hover.png]
[d11bh4d8fhuq47.cloudfront.net/_system/skins/v10/50000029/img/slideshow-pause-hover.png]
[d11bh4d8fhuq47.cloudfront.net/img/footer/footerButtonWebnode721e.png]
[d11bh4d8fhuq47.cloudfront.net/img/footer/footerButton721e.png]
[d11bh4d8fhuq47.cloudfront.net/img/footer/footerButtonHover721e.png]
[d11bh4d8fhuq47.cloudfront.net/img/footer/footerBubble721e.png]
[d11bh4d8fhuq47.cloudfront.net/img/footer/footerBubbleIE6721e.png]
[d11bh4d8fhuq47.cloudfront.net/img/footer/footerButtonHoverIE6721e.png]
[www.podologialabarca.com.br/index.html]
[www.podologialabarca.com.br/wysiwyg/system.style.css]
[www.podologialabarca.com.br/wnd_header.set/index.html]
[d11bh4d8fhuq47.cloudfront.net/_system/skins/v10/50000029/js/functions.js]
[d11bh4d8fhuq47.cloudfront.net/_system/skins/v10/50000029/img/body.png]
[d11bh4d8fhuq47.cloudfront.net/_system/skins/v10/50000029/img/li.png]
[d11bh4d8fhuq47.cloudfront.net/_system/skins/v10/50000029/img/button.png]
[d11bh4d8fhuq47.cloudfront.net/_system/skins/v10/50000029/img/page.png]
[d11bh4d8fhuq47.cloudfront.net/_system/skins/v10/50000029/img/header.png]
[d11bh4d8fhuq47.cloudfront.net/_system/skins/v10/50000029/img/slogan.png]
[d11bh4d8fhuq47.cloudfront.net/_system/skins/v10/50000029/img/masque.png]
[d11bh4d8fhuq47.cloudfront.net/_system/skins/v10/50000029/img/menu.png]
[d11bh4d8fhuq47.cloudfront.net/_system/skins/v10/50000029/img/homepage.png]
[d11bh4d8fhuq47.cloudfront.net/_system/skins/v10/50000029/img/sitemap.png]
[d11bh4d8fhuq47.cloudfront.net/_system/skins/v10/50000029/img/rss.png]
[d11bh4d8fhuq47.cloudfront.net/_system/skins/v10/50000029/img/print.png]
[d11bh4d8fhuq47.cloudfront.net/_system/skins/v10/50000029/img/sidebar-heading.png]
[d11bh4d8fhuq47.cloudfront.net/_system/skins/v10/50000029/img/paging.png]
[d11bh4d8fhuq47.cloudfront.net/_system/skins/v10/50000029/img/back.png]
[d11bh4d8fhuq47.cloudfront.net/_system/skins/v10/50000029/img/more.png]
[d11bh4d8fhuq47.cloudfront.net/_system/skins/v10/50000029/img/button-fulltext.png]
[d11bh4d8fhuq47.cloudfront.net/_system/skins/v10/50000029/img/more-sitemap.png]
[d11bh4d8fhuq47.cloudfront.net/_system/skins/v10/50000029/img/faq.png]
[d11bh4d8fhuq47.cloudfront.net/_system/skins/v10/50000029/img/prev.png]
[d11bh4d8fhuq47.cloudfront.net/_system/skins/v10/50000029/img/next.png]
[d11bh4d8fhuq47.cloudfront.net/_system/skins/v10/50000029/img/slideshow-start.png]
[d11bh4d8fhuq47.cloudfront.net/_system/skins/v10/50000029/img/slideshow-pause.png]
[d11bh4d8fhuq47.cloudfront.net/_system/skins/v10/50000029/img/back-photo.png]
[d11bh4d8fhuq47.cloudfront.net/_system/skins/v10/50000029/css/style.css]
[d11bh4d8fhuq47.cloudfront.net/_system/skins/v10/50000029/css/print.css]
[www.podologialabarca.com.br/tags/podologia/index.html]
[www.podologialabarca.com.br/tags/micose/index.html]
[www.podologialabarca.com.br/tags/es/index.html]
[www.podologialabarca.com.br/tags/vitoria/index.html]
[www.podologialabarca.com.br/tags/fungo/index.html]
[www.podologialabarca.com.br/tags/joanetes/index.html]
[www.podologialabarca.com.br/tags/esporão/index.html]
[www.podologialabarca.com.br/tags/verruga plantar/index.html]
[www.podologialabarca.com.br/tags/cravos/index.html]
[www.podologialabarca.com.br/tags/podologo/index.html]
[www.podologialabarca.com.br/tags/pé/index.html]
[www.podologialabarca.com.br/tags/calos/index.html]
[www.podologialabarca.com.br/tags/encravada/index.html]
[www.podologialabarca.com.br/tags/unha/index.html]
[www.podologialabarca.com.br/tags/calo/index.html]
[www.podologialabarca.com.br/news/temos palmilhas localizadas para joanetes,  esporão, verruga plantar(cravos) e outros/index.html]
[www.podologialabarca.com.br/news/site lançado/index.html]
[www.podologialabarca.com.br/tratamentos/index.html]
[www.podologialabarca.com.br/tratamentos/calos/index.html]
[www.podologialabarca.com.br/tratamentos/unha-encravada/index.html]
[www.podologialabarca.com.br/tratamentos/tratamentos-de-micoses-a-laser/index.html]
[www.podologialabarca.com.br/tratamentos/rachadura-no-calcanhar/index.html]
[files.podologialabarca.com.br/system_preview_small_200000104-607f662734-public/DSC00003.jpg]
[www.podologialabarca.com.br/tratamentos/pe-diabetico/index.html]
[www.podologialabarca.com.br/album/a-clinica/dsc00003-jpg/index.html]
[files.podologialabarca.com.br/system_preview_small_200000105-680dd6a01b-public/DSC00005.jpg]
[www.podologialabarca.com.br/album/a-clinica/dsc00005-jpg/index.html]
[www.podologialabarca.com.br/album/a-clinica/dsc00007-jpg/index.html]
[files.podologialabarca.com.br/system_preview_small_200000106-8369384d1e-public/DSC00007.jpg]
[files.podologialabarca.com.br/system_preview_small_200000107-e0697e1642-public/DSC00009.jpg]
[www.podologialabarca.com.br/album/a-clinica/dsc00009-jpg/index.html]
[files.podologialabarca.com.br/system_preview_small_200000108-25cc127c00-public/DSC00010.jpg]
[www.podologialabarca.com.br/album/a-clinica/dsc00010-jpg/index.html]
[files.podologialabarca.com.br/system_preview_small_200000109-8e90e8f8a0-public/DSC00011.jpg]
[www.podologialabarca.com.br/album/a-clinica/dsc00011-jpg/index.html]
[files.podologialabarca.com.br/system_preview_small_200000110-875f789549-public/DSC00012.jpg]
[www.podologialabarca.com.br/album/a-clinica/dsc00012-jpg/index.html]
[files.podologialabarca.com.br/system_preview_small_200000111-84a008639b-public/DSC00013.jpg]
[www.podologialabarca.com.br/album/a-clinica/dsc00013-jpg/index.html]
[files.podologialabarca.com.br/system_preview_small_200000112-157b916746-public/DSC00014.jpg]
[www.podologialabarca.com.br/album/a-clinica/dsc00014-jpg/index.html]
[files.podologialabarca.com.br/system_preview_small_200000113-47b2249a61-public/DSC00017.jpg]
[www.podologialabarca.com.br/a-clinica/index.html]
[www.podologialabarca.com.br/sobre-nos/index.html]
[www.podologialabarca.com.br/contate-nos/index.html]
[www.podologialabarca.com.br/mensagens/index.html]
[www.podologialabarca.com.br/novidades/index.html]
[www.podologialabarca.com.br/livro-de-visitas/index.html]
[www.podologialabarca.com.br/album/a-clinica/dsc00017-jpg/index.html]
[www.podologialabarca.com.br/faq-/index.html]
[www.podologialabarca.com.br/servers/frontend/index.html]
[www.podologialabarca.com.br/a-clinica/photogallerycbm_728853/10/index.html]
[www.podologialabarca.com.br/discussion/index32aa.html]
[www.podologialabarca.com.br/calendario-de-eventos/index.html]
[www.podologialabarca.com.br/discussion/index01cb.html]
[www.podologialabarca.com.br/discussion/index0fab.html]
[www.podologialabarca.com.br/discussion/index2533.html]
[www.podologialabarca.com.br/discussion/index8c5e.html]
[www.podologialabarca.com.br/discussion/index79bc.html]
[www.podologialabarca.com.br/discussion/index5f32.html]
[files.podologialabarca.com.br/system_preview_small_200000037-96360972fe-public/encravamento.jpg]
[www.podologialabarca.com.br/discussion/index4f84.html]
[www.podologialabarca.com.br/discussion/indexb657.html]
[www.podologialabarca.com.br/news/novo-evento/index.html]
[files.podologialabarca.com.br/system_preview_small_200000038-bcf0bd04b3-public/encravamento2.jpg]
[www.podologialabarca.com.br/album/galeria-de-fotos/encravamento-jpg/index.html]
[files.podologialabarca.com.br/system_preview_small_200000039-3a2da3b27c-public/micose.jpg]
[www.podologialabarca.com.br/album/galeria-de-fotos/encravamento2-jpg/index.html]
[www.podologialabarca.com.br/album/galeria-de-fotos/micose-jpg/index.html]
[files.podologialabarca.com.br/system_preview_small_200000040-bf173c0115-public/encravamento3.jpg]
[www.podologialabarca.com.br/album/galeria-de-fotos/encravamento3-jpg/index.html]
[files.podologialabarca.com.br/system_preview_small_200000041-32901338a0-public/micose5.jpg]
[files.podologialabarca.com.br/system_preview_small_200000042-3c6993d63f-public/micose6.jpg]
[www.podologialabarca.com.br/album/galeria-de-fotos/micose5-jpg/index.html]
[files.podologialabarca.com.br/system_preview_small_200000043-96c6c97c0e-public/micose7.jpg]
[www.podologialabarca.com.br/album/galeria-de-fotos/micose6-jpg/index.html]
[www.podologialabarca.com.br/album/galeria-de-fotos/micose7-jpg/index.html]
[files.podologialabarca.com.br/system_preview_small_200000044-10a9611a34-public/ortese1.jpg]
[www.podologialabarca.com.br/album/galeria-de-fotos/ortese1-jpg/index.html]
[files.podologialabarca.com.br/system_preview_small_200000045-0090e018af-public/ortese2.jpg]
[files.podologialabarca.com.br/system_preview_small_200000046-0f52010471-public/micose8.jpg]
[www.podologialabarca.com.br/album/galeria-de-fotos/ortese2-jpg/index.html]
[www.podologialabarca.com.br/galeria-de-fotos/index.html]
[www.podologialabarca.com.br/home/index.html]
[www.podologialabarca.com.br/sitemap/index.html]
[www.podologialabarca.com.br/album/galeria-de-fotos/micose8-jpg/index.html]
[www.podologialabarca.com.br/galeria-de-fotos/photogallerycbm_664963/10/index.html]
[www.podologialabarca.com.br/rss/all.xml]
[www.podologialabarca.com.br/galeria-de-fotos/photogallerycbm_664963/20/index.html]
[www.podologialabarca.com.br/rss/novidades.xml]
[www.podologialabarca.com.br/rss/calendario-de-eventos.xml]
[www.podologialabarca.com.br/rss/index.html]
[files.podologialabarca.com.br/200000013-1386d14810/micose1.jpg]
[www.podologialabarca.com.br/tratamentos/tratamentos-de-micoses-a-laser/index.html]
[files.podologialabarca.com.br/200000012-f2c52f3bfa/unha_encravada.jpg]
[www.podologialabarca.com.br/tratamentos/unha-encravada/index.html]
[files.podologialabarca.com.br/200000015-208ac21848/calo.jpg]
[www.podologialabarca.com.br/tratamentos/calos/index.html]
[files.podologialabarca.com.br/200000016-77eec78e8e/rachadura.jpg]
[www.podologialabarca.com.br/tratamentos/rachadura-no-calcanhar/index.html]
[files.podologialabarca.com.br/200000017-c61d7c7170/Ulcera.jpg]
[www.podologialabarca.com.br/tratamentos/pe-diabetico/index.html]
[www.podologialabarca.com.br/images/200000104-607f662734-public/DSC00003.jpg/index.html]
[files.podologialabarca.com.br/system_preview_detail_200000104-607f662734-public/DSC00003.jpg]
[www.podologialabarca.com.br/album/a-clinica/dsc00003-jpg/index.html]
[files.podologialabarca.com.br/system_preview_detail_200000105-680dd6a01b-public/DSC00005.jpg]
[www.podologialabarca.com.br/album/a-clinica/dsc00005-jpg/index.html]
[www.podologialabarca.com.br/images/200000105-680dd6a01b-public/DSC00005.jpg/index.html]
[www.podologialabarca.com.br/images/200000106-8369384d1e-public/DSC00007.jpg/index.html]
[files.podologialabarca.com.br/system_preview_detail_200000106-8369384d1e-public/DSC00007.jpg]
[www.podologialabarca.com.br/album/a-clinica/dsc00007-jpg/index.html]
[www.podologialabarca.com.br/images/200000107-e0697e1642-public/DSC00009.jpg/index.html]
[files.podologialabarca.com.br/system_preview_detail_200000107-e0697e1642-public/DSC00009.jpg]
[www.podologialabarca.com.br/album/a-clinica/dsc00009-jpg/index.html]
[www.podologialabarca.com.br/images/200000108-25cc127c00-public/DSC00010.jpg/index.html]
[files.podologialabarca.com.br/system_preview_detail_200000108-25cc127c00-public/DSC00010.jpg]
[www.podologialabarca.com.br/album/a-clinica/dsc00010-jpg/index.html]
[www.podologialabarca.com.br/images/200000109-8e90e8f8a0-public/DSC00011.jpg/index.html]
[files.podologialabarca.com.br/system_preview_detail_200000109-8e90e8f8a0-public/DSC00011.jpg]
[www.podologialabarca.com.br/album/a-clinica/dsc00011-jpg/index.html]
[files.podologialabarca.com.br/system_preview_detail_200000110-875f789549-public/DSC00012.jpg]
[www.podologialabarca.com.br/album/a-clinica/dsc00012-jpg/index.html]
[www.podologialabarca.com.br/images/200000110-875f789549-public/DSC00012.jpg/index.html]
[files.podologialabarca.com.br/system_preview_detail_200000111-84a008639b-public/DSC00013.jpg]
[www.podologialabarca.com.br/album/a-clinica/dsc00013-jpg/index.html]
[www.podologialabarca.com.br/images/200000111-84a008639b-public/DSC00013.jpg/index.html]
[www.podologialabarca.com.br/images/200000112-157b916746-public/DSC00014.jpg/index.html]
[files.podologialabarca.com.br/system_preview_detail_200000112-157b916746-public/DSC00014.jpg]
[www.podologialabarca.com.br/album/a-clinica/dsc00014-jpg/index.html]
[www.podologialabarca.com.br/images/200000113-47b2249a61-public/DSC00017.jpg/index.html]
[files.podologialabarca.com.br/system_preview_detail_200000113-47b2249a61-public/DSC00017.jpg]
[www.podologialabarca.com.br/album/a-clinica/dsc00017-jpg/index.html]
[files.podologialabarca.com.br/system_preview_small_200000114-1b38a1d2c8-public/DSC00020.jpg]
[www.podologialabarca.com.br/album/a-clinica/dsc00020-jpg/index.html]
[files.podologialabarca.com.br/system_preview_small_200000115-38c5139bf8-public/DSC00021.jpg]
[www.podologialabarca.com.br/album/a-clinica/dsc00021-jpg/index.html]
[files.podologialabarca.com.br/system_preview_small_200000116-ad766ae6f6-public/DSC00023.jpg]
[www.podologialabarca.com.br/album/a-clinica/dsc00023-jpg/index.html]
[files.podologialabarca.com.br/system_preview_small_200000117-1b6371d56e-public/DSC00025.62.delayed]
[www.podologialabarca.com.br/album/a-clinica/dsc00025-jpg/index.html]
[files.podologialabarca.com.br/system_preview_small_200000118-85bd287494-public/DSC00033.jpg]
[www.podologialabarca.com.br/a-clinica/photogallerycbm_728853/10/index.html]
[www.podologialabarca.com.br/servers/frontend/index.html]
[www.podologialabarca.com.br/discussion/index32aa.html]
[www.podologialabarca.com.br/discussion/index01cb.html]
[www.podologialabarca.com.br/discussion/index2533.html]
[www.podologialabarca.com.br/discussion/index0fab.html]
[www.podologialabarca.com.br/discussion/index8c5e.html]
[www.podologialabarca.com.br/discussion/index79bc.html]
[www.podologialabarca.com.br/discussion/index5f32.html]
[www.podologialabarca.com.br/discussion/index4f84.html]
[www.podologialabarca.com.br/discussion/indexb657.html]
[www.podologialabarca.com.br/news/novo-evento/index.html]
[www.podologialabarca.com.br/album/a-clinica/dsc00033-jpg/index.html]
[files.podologialabarca.com.br/system_preview_detail_200000037-96360972fe-public/encravamento.jpg]
[www.podologialabarca.com.br/album/galeria-de-fotos/encravamento-jpg/index.html]
[www.podologialabarca.com.br/images/200000037-96360972fe-public/encravamento.jpg/index.html]
[files.podologialabarca.com.br/system_preview_detail_200000038-bcf0bd04b3-public/encravamento2.jpg]
[www.podologialabarca.com.br/album/galeria-de-fotos/encravamento2-jpg/index.html]
[www.podologialabarca.com.br/images/200000038-bcf0bd04b3-public/encravamento2.jpg/index.html]
[files.podologialabarca.com.br/system_preview_detail_200000039-3a2da3b27c-public/micose.jpg]
[www.podologialabarca.com.br/album/galeria-de-fotos/micose-jpg/index.html]
[www.podologialabarca.com.br/images/200000039-3a2da3b27c-public/micose.jpg/index.html]
[files.podologialabarca.com.br/system_preview_detail_200000040-bf173c0115-public/encravamento3.jpg]
[www.podologialabarca.com.br/album/galeria-de-fotos/encravamento3-jpg/index.html]
[www.podologialabarca.com.br/images/200000040-bf173c0115-public/encravamento3.jpg/index.html]
[files.podologialabarca.com.br/system_preview_detail_200000041-32901338a0-public/micose5.jpg]
[www.podologialabarca.com.br/album/galeria-de-fotos/micose5-jpg/index.html]
[www.podologialabarca.com.br/images/200000041-32901338a0-public/micose5.jpg/index.html]
[www.podologialabarca.com.br/images/200000042-3c6993d63f-public/micose6.jpg/index.html]
[files.podologialabarca.com.br/system_preview_detail_200000042-3c6993d63f-public/micose6.jpg]
[www.podologialabarca.com.br/album/galeria-de-fotos/micose6-jpg/index.html]
[www.podologialabarca.com.br/images/200000043-96c6c97c0e-public/micose7.jpg/index.html]
[files.podologialabarca.com.br/system_preview_detail_200000043-96c6c97c0e-public/micose7.jpg]
[www.podologialabarca.com.br/album/galeria-de-fotos/micose7-jpg/index.html]
[files.podologialabarca.com.br/system_preview_detail_200000044-10a9611a34-public/ortese1.jpg]
[www.podologialabarca.com.br/album/galeria-de-fotos/ortese1-jpg/index.html]
[www.podologialabarca.com.br/images/200000044-10a9611a34-public/ortese1.jpg/index.html]
[files.podologialabarca.com.br/system_preview_detail_200000045-0090e018af-public/ortese2.jpg]
[www.podologialabarca.com.br/album/galeria-de-fotos/ortese2-jpg/index.html]
[www.podologialabarca.com.br/images/200000045-0090e018af-public/ortese2.jpg/index.html]
[www.podologialabarca.com.br/images/200000046-0f52010471-public/micose8.jpg/index.html]
[files.podologialabarca.com.br/system_preview_detail_200000046-0f52010471-public/micose8.jpg]
[www.podologialabarca.com.br/album/galeria-de-fotos/micose8-jpg/index.html]
[files.podologialabarca.com.br/system_preview_small_200000047-861d98717d-public/micose9.jpg]
[www.podologialabarca.com.br/album/galeria-de-fotos/micose9-jpg/index.html]
[files.podologialabarca.com.br/system_preview_small_200000048-c633fc715f-public/rachadura6.jpg]
[www.podologialabarca.com.br/album/galeria-de-fotos/rachadura6-jpg/index.html]
[files.podologialabarca.com.br/system_preview_small_200000049-84c1885bba-public/micose10.jpg]
[files.podologialabarca.com.br/system_preview_small_200000050-0bc2a0cbc5-public/encravamento_para_ortese.gif]
[www.podologialabarca.com.br/album/galeria-de-fotos/micose10-jpg/index.html]
[files.podologialabarca.com.br/system_preview_small_200000051-d16f5d2158-public/encravamento6.jpg]
[www.podologialabarca.com.br/album/galeria-de-fotos/encravamento-para-ortese-gif/index.html]
[www.podologialabarca.com.br/album/galeria-de-fotos/encravamento6-jpg/index.html]
[files.podologialabarca.com.br/system_preview_small_200000052-887e58978f-public/rachadura7.jpg]
[www.podologialabarca.com.br/album/galeria-de-fotos/rachadura7-jpg/index.html]
[files.podologialabarca.com.br/system_preview_small_200000053-c9765ca707-public/encravamento5.jpg]
[www.podologialabarca.com.br/album/galeria-de-fotos/encravamento5-jpg/index.html]
[files.podologialabarca.com.br/system_preview_small_200000054-eea93efa31-public/encravamento4.JPG]
[www.podologialabarca.com.br/album/galeria-de-fotos/encravamento4-jpg/index.html]
[files.podologialabarca.com.br/system_preview_small_200000055-1dc3e1ebe0-public/encravamento7.jpg]
[www.podologialabarca.com.br/album/galeria-de-fotos/encravamento7-jpg/index.html]
[files.podologialabarca.com.br/system_preview_small_200000056-d30eed4093-public/rachadura_2.jpg]
[www.podologialabarca.com.br/galeria-de-fotos/photogallerycbm_664963/10/index.html]
[www.podologialabarca.com.br/album/galeria-de-fotos/rachadura-2-jpg/index.html]
[files.podologialabarca.com.br/system_preview_small_200000057-df74be06e8-public/onicofose_e_onicomicose.jpg]
[files.podologialabarca.com.br/system_preview_small_200000058-0567606611-public/calos.jpg]
[www.podologialabarca.com.br/album/galeria-de-fotos/onicofose-e-onicomicose-jpg/index.html]
[files.podologialabarca.com.br/system_preview_small_200000059-df432e04a6-public/rachadura_3.jpg]
[www.podologialabarca.com.br/album/galeria-de-fotos/calos-jpg/index.html]
[www.podologialabarca.com.br/album/galeria-de-fotos/rachadura-3-jpg/index.html]
[files.podologialabarca.com.br/system_preview_small_200000060-9423c951e0-public/rachadura_4.jpg]
[www.podologialabarca.com.br/album/galeria-de-fotos/rachadura-4-jpg/index.html]
[files.podologialabarca.com.br/system_preview_small_200000061-8d63c8e63b-public/micose1.jpg]
[www.podologialabarca.com.br/album/galeria-de-fotos/micose1-jpg2/index.html]
[files.podologialabarca.com.br/system_preview_small_200000062-81c0682bb5-public/rachadura5.jpg]
[www.podologialabarca.com.br/album/galeria-de-fotos/rachadura5-jpg/index.html]
[files.podologialabarca.com.br/system_preview_small_200000063-92e4993de9-public/micose2.jpg]
[www.podologialabarca.com.br/galeria-de-fotos/photogallerycbm_664963/20/index.html]
[files.podologialabarca.com.br/200000012-f2c52f3bfa/unha_encravada.html]
[www.podologialabarca.com.br/images/200000104-607f662734-public/DSC00003.jpg/index.html]
[www.podologialabarca.com.br/images/200000105-680dd6a01b-public/DSC00005.jpg/index.html]
[www.podologialabarca.com.br/images/200000106-8369384d1e-public/DSC00007.jpg/index.html]
[www.podologialabarca.com.br/images/200000107-e0697e1642-public/DSC00009.jpg/index.html]
[www.podologialabarca.com.br/images/200000108-25cc127c00-public/DSC00010.jpg/index.html]
[www.podologialabarca.com.br/images/200000109-8e90e8f8a0-public/DSC00011.jpg/index.html]
[www.podologialabarca.com.br/images/200000110-875f789549-public/DSC00012.jpg/index.html]
[www.podologialabarca.com.br/images/200000111-84a008639b-public/DSC00013.jpg/index.html]
[www.podologialabarca.com.br/images/200000112-157b916746-public/DSC00014.jpg/index.html]
[www.podologialabarca.com.br/images/200000113-47b2249a61-public/DSC00017.jpg/index.html]
[www.podologialabarca.com.br/album/galeria-de-fotos/micose2-jpg/index.html]
[files.podologialabarca.com.br/system_preview_detail_200000114-1b38a1d2c8-public/DSC00020.jpg]
[www.podologialabarca.com.br/album/a-clinica/dsc00020-jpg/index.html]
[www.podologialabarca.com.br/images/200000114-1b38a1d2c8-public/DSC00020.jpg/index.html]
[files.podologialabarca.com.br/system_preview_detail_200000115-38c5139bf8-public/DSC00021.jpg]
[www.podologialabarca.com.br/album/a-clinica/dsc00021-jpg/index.html]
[www.podologialabarca.com.br/images/200000115-38c5139bf8-public/DSC00021.jpg/index.html]
[www.podologialabarca.com.br/images/200000116-ad766ae6f6-public/DSC00023.jpg/index.html]
[files.podologialabarca.com.br/system_preview_detail_200000116-ad766ae6f6-public/DSC00023.jpg]
[www.podologialabarca.com.br/album/a-clinica/dsc00023-jpg/index.html]
[www.podologialabarca.com.br/images/200000117-1b6371d56e-public/DSC00025.jpg/index.html]
[files.podologialabarca.com.br/system_preview_detail_200000117-1b6371d56e-public/DSC00025.jpg]
[www.podologialabarca.com.br/album/a-clinica/dsc00025-jpg/index.html]
[www.podologialabarca.com.br/images/200000118-85bd287494-public/DSC00033.jpg/index.html]
[files.podologialabarca.com.br/system_preview_detail_200000118-85bd287494-public/DSC00033.jpg]
[www.podologialabarca.com.br/album/a-clinica/dsc00033-jpg/index.html]
[www.podologialabarca.com.br/discussion/index.html]
[www.podologialabarca.com.br/images/200000037-96360972fe-public/encravamento.jpg/index.html]
[www.podologialabarca.com.br/images/200000038-bcf0bd04b3-public/encravamento2.jpg/index.html]
[www.podologialabarca.com.br/images/200000039-3a2da3b27c-public/micose.jpg/index.html]
[www.podologialabarca.com.br/images/200000040-bf173c0115-public/encravamento3.jpg/index.html]
[www.podologialabarca.com.br/images/200000041-32901338a0-public/micose5.jpg/index.html]
[www.podologialabarca.com.br/images/200000042-3c6993d63f-public/micose6.jpg/index.html]
[www.podologialabarca.com.br/images/200000043-96c6c97c0e-public/micose7.jpg/index.html]
[www.podologialabarca.com.br/images/200000044-10a9611a34-public/ortese1.jpg/index.html]
[www.podologialabarca.com.br/images/200000045-0090e018af-public/ortese2.jpg/index.html]
[www.podologialabarca.com.br/images/200000046-0f52010471-public/micose8.jpg/index.html]
[www.podologialabarca.com.br/images/200000047-861d98717d-public/micose9.jpg/index.html]
[files.podologialabarca.com.br/system_preview_detail_200000047-861d98717d-public/micose9.jpg]
[www.podologialabarca.com.br/album/galeria-de-fotos/micose9-jpg/index.html]
[www.podologialabarca.com.br/images/200000048-c633fc715f-public/rachadura6.jpg/index.html]
[files.podologialabarca.com.br/system_preview_detail_200000048-c633fc715f-public/rachadura6.jpg]
[www.podologialabarca.com.br/album/galeria-de-fotos/rachadura6-jpg/index.html]
[files.podologialabarca.com.br/system_preview_detail_200000049-84c1885bba-public/micose10.jpg]
[www.podologialabarca.com.br/album/galeria-de-fotos/micose10-jpg/index.html]
[www.podologialabarca.com.br/images/200000049-84c1885bba-public/micose10.jpg/index.html]
[files.podologialabarca.com.br/system_preview_detail_200000050-0bc2a0cbc5-public/encravamento_para_ortese.gif]
[www.podologialabarca.com.br/album/galeria-de-fotos/encravamento-para-ortese-gif/index.html]
[www.podologialabarca.com.br/images/200000050-0bc2a0cbc5-public/encravamento_para_ortese.gif/index.html]
[files.podologialabarca.com.br/system_preview_detail_200000051-d16f5d2158-public/encravamento6.jpg]
[www.podologialabarca.com.br/album/galeria-de-fotos/encravamento6-jpg/index.html]
[www.podologialabarca.com.br/images/200000051-d16f5d2158-public/encravamento6.jpg/index.html]
[files.podologialabarca.com.br/system_preview_detail_200000052-887e58978f-public/rachadura7.jpg]
[www.podologialabarca.com.br/album/galeria-de-fotos/rachadura7-jpg/index.html]
[www.podologialabarca.com.br/images/200000052-887e58978f-public/rachadura7.jpg/index.html]
[files.podologialabarca.com.br/system_preview_detail_200000053-c9765ca707-public/encravamento5.jpg]
[www.podologialabarca.com.br/album/galeria-de-fotos/encravamento5-jpg/index.html]
[www.podologialabarca.com.br/images/200000053-c9765ca707-public/encravamento5.jpg/index.html]
[files.podologialabarca.com.br/system_preview_detail_200000054-eea93efa31-public/encravamento4.jpg]
[www.podologialabarca.com.br/album/galeria-de-fotos/encravamento4-jpg/index.html]
[www.podologialabarca.com.br/images/200000054-eea93efa31-public/encravamento4.JPG/index.html]
[files.podologialabarca.com.br/system_preview_detail_200000055-1dc3e1ebe0-public/encravamento7.jpg]
[www.podologialabarca.com.br/album/galeria-de-fotos/encravamento7-jpg/index.html]
[www.podologialabarca.com.br/images/200000055-1dc3e1ebe0-public/encravamento7.jpg/index.html]
[files.podologialabarca.com.br/system_preview_detail_200000056-d30eed4093-public/rachadura_2.jpg]
[www.podologialabarca.com.br/album/galeria-de-fotos/rachadura-2-jpg/index.html]
[www.podologialabarca.com.br/images/200000056-d30eed4093-public/rachadura_2.jpg/index.html]
[www.podologialabarca.com.br/images/200000057-df74be06e8-public/onicofose_e_onicomicose.jpg/index.html]
[files.podologialabarca.com.br/system_preview_detail_200000057-df74be06e8-public/onicofose_e_onicomicose.jpg]
[www.podologialabarca.com.br/album/galeria-de-fotos/onicofose-e-onicomicose-jpg/index.html]
[files.podologialabarca.com.br/system_preview_detail_200000058-0567606611-public/calos.jpg]
[www.podologialabarca.com.br/album/galeria-de-fotos/calos-jpg/index.html]
[www.podologialabarca.com.br/images/200000058-0567606611-public/calos.jpg/index.html]
[files.podologialabarca.com.br/system_preview_detail_200000059-df432e04a6-public/rachadura_3.jpg]
[www.podologialabarca.com.br/album/galeria-de-fotos/rachadura-3-jpg/index.html]
[www.podologialabarca.com.br/images/200000059-df432e04a6-public/rachadura_3.jpg/index.html]
[files.podologialabarca.com.br/system_preview_detail_200000060-9423c951e0-public/rachadura_4.jpg]
[www.podologialabarca.com.br/album/galeria-de-fotos/rachadura-4-jpg/index.html]
[www.podologialabarca.com.br/images/200000060-9423c951e0-public/rachadura_4.jpg/index.html]
[files.podologialabarca.com.br/system_preview_detail_200000061-8d63c8e63b-public/micose1.jpg]
[www.podologialabarca.com.br/album/galeria-de-fotos/micose1-jpg2/index.html]
[www.podologialabarca.com.br/images/200000061-8d63c8e63b-public/micose1.jpg/index.html]
[files.podologialabarca.com.br/system_preview_detail_200000062-81c0682bb5-public/rachadura5.jpg]
[www.podologialabarca.com.br/album/galeria-de-fotos/rachadura5-jpg/index.html]
[www.podologialabarca.com.br/images/200000062-81c0682bb5-public/rachadura5.jpg/index.html]
[files.podologialabarca.com.br/system_preview_detail_200000063-92e4993de9-public/micose2.jpg]
[www.podologialabarca.com.br/album/galeria-de-fotos/micose2-jpg/index.html]
[www.podologialabarca.com.br/images/200000114-1b38a1d2c8-public/DSC00020.jpg/index.html]
[www.podologialabarca.com.br/images/200000115-38c5139bf8-public/DSC00021.jpg/index.html]
[www.podologialabarca.com.br/images/200000116-ad766ae6f6-public/DSC00023.jpg/index.html]
[www.podologialabarca.com.br/images/200000117-1b6371d56e-public/DSC00025.jpg/index.html]
[www.podologialabarca.com.br/images/200000118-85bd287494-public/DSC00033.jpg/index.html]
[www.podologialabarca.com.br/images/200000047-861d98717d-public/micose9.jpg/index.html]
[www.podologialabarca.com.br/images/200000048-c633fc715f-public/rachadura6.jpg/index.html]
[www.podologialabarca.com.br/images/200000049-84c1885bba-public/micose10.jpg/index.html]
[www.podologialabarca.com.br/images/200000050-0bc2a0cbc5-public/encravamento_para_ortese.gif/index.html]
[www.podologialabarca.com.br/images/200000051-d16f5d2158-public/encravamento6.jpg/index.html]
[www.podologialabarca.com.br/images/200000052-887e58978f-public/rachadura7.jpg/index.html]
[www.podologialabarca.com.br/images/200000053-c9765ca707-public/encravamento5.jpg/index.html]
[www.podologialabarca.com.br/images/200000054-eea93efa31-public/encravamento4.JPG/index.html]
[www.podologialabarca.com.br/images/200000055-1dc3e1ebe0-public/encravamento7.jpg/index.html]
[www.podologialabarca.com.br/images/200000056-d30eed4093-public/rachadura_2.jpg/index.html]
[www.podologialabarca.com.br/images/200000057-df74be06e8-public/onicofose_e_onicomicose.jpg/index.html]
[www.podologialabarca.com.br/images/200000058-0567606611-public/calos.jpg/index.html]
[www.podologialabarca.com.br/images/200000059-df432e04a6-public/rachadura_3.jpg/index.html]
[www.podologialabarca.com.br/images/200000060-9423c951e0-public/rachadura_4.jpg/index.html]
[www.podologialabarca.com.br/images/200000061-8d63c8e63b-public/micose1.jpg/index.html]
[www.podologialabarca.com.br/images/200000062-81c0682bb5-public/rachadura5.jpg/index.html]
[www.podologialabarca.com.br/images/200000063-92e4993de9-public/micose2.jpg/index.html]
[www.podologialabarca.com.br/images/200000063-92e4993de9-public/micose2.jpg/index.html]
